<?xml version="1.0" encoding="utf-8"?>
<Database Name="NORTHWND" xmlns="http://schemas.microsoft.com/linqtosql/mapping/2007">
  <Table Name="dbo.ActiveProductsFedarated" Member="ActiveProductsFedarateds">
    <Type Name="Mapped.ActiveProductsFedarated">
      <Column Name="ProductID" Member="ProductID" Storage="_ProductID" DbType="Int NOT NULL IDENTITY" IsPrimaryKey="true" IsDbGenerated="true" AutoSync="OnInsert" />
      <Column Name="ProductName" Member="ProductName" Storage="_ProductName" DbType="NVarChar(40) NOT NULL" CanBeNull="false" />
    </Type>
  </Table>
  <Table Name="dbo.AddressSplit" Member="AddressSplits">
    <Type Name="Mapped.AddressSplit">
      <Column Name="ID" Member="ID" Storage="_ID" DbType="Int NOT NULL" IsPrimaryKey="true" />
      <Column Name="Address" Member="Address" Storage="_Address" DbType="NVarChar(60)" />
      <Column Name="City" Member="City" Storage="_City" DbType="NVarChar(15)" />
      <Column Name="Region" Member="Region" Storage="_Region" DbType="NVarChar(15)" />
      <Column Name="PostalCode" Member="PostalCode" Storage="_PostalCode" DbType="NVarChar(50)" />
      <Column Name="Country" Member="Country" Storage="_Country" DbType="NVarChar(15)" />
      <Column Name="ContactType" Member="ContactType" Storage="_ContactType" DbType="NVarChar(50)" />
    </Type>
  </Table>
  <Table Name="dbo.Alphabetical list of products" Member="AlphabeticalListOfProducts">
    <Type Name="Mapped.AlphabeticalListOfProduct">
      <Column Name="ProductID" Member="ProductID" Storage="_ProductID" DbType="Int NOT NULL IDENTITY" />
      <Column Name="ProductName" Member="ProductName" Storage="_ProductName" DbType="NVarChar(40) NOT NULL" CanBeNull="false" />
      <Column Name="SupplierID" Member="SupplierID" Storage="_SupplierID" DbType="Int" />
      <Column Name="CategoryID" Member="CategoryID" Storage="_CategoryID" DbType="Int" />
      <Column Name="QuantityPerUnit" Member="QuantityPerUnit" Storage="_QuantityPerUnit" DbType="NVarChar(20)" />
      <Column Name="UnitPrice" Member="UnitPrice" Storage="_UnitPrice" DbType="Money" />
      <Column Name="UnitsInStock" Member="UnitsInStock" Storage="_UnitsInStock" DbType="SmallInt" />
      <Column Name="UnitsOnOrder" Member="UnitsOnOrder" Storage="_UnitsOnOrder" DbType="SmallInt" />
      <Column Name="ReorderLevel" Member="ReorderLevel" Storage="_ReorderLevel" DbType="SmallInt" />
      <Column Name="Discontinued" Member="Discontinued" Storage="_Discontinued" DbType="Bit NOT NULL" />
      <Column Name="CategoryName" Member="CategoryName" Storage="_CategoryName" DbType="NVarChar(15) NOT NULL" CanBeNull="false" />
    </Type>
  </Table>
  <Table Name="dbo.BaseContactSplit" Member="BaseContactSplits">
    <Type Name="Mapped.BaseContactSplit">
      <Column Name="ID" Member="ID" Storage="_ID" DbType="Int NOT NULL" IsPrimaryKey="true" />
      <Column Name="CompanyName" Member="CompanyName" Storage="_CompanyName" DbType="NVarChar(40) NOT NULL" CanBeNull="false" />
      <Column Name="ContactName" Member="ContactName" Storage="_ContactName" DbType="NVarChar(30)" />
      <Column Name="Phone" Member="Phone" Storage="_Phone" DbType="NVarChar(24)" />
      <Column Name="ContactType" Member="ContactType" Storage="_ContactType" DbType="NVarChar(50)" />
    </Type>
  </Table>
  <Table Name="dbo.BaseProductsFedarated" Member="BaseProductsFedarateds">
    <Type Name="Mapped.BaseProductsFedarated">
      <Column Name="ProductID" Member="ProductID" Storage="_ProductID" DbType="Int NOT NULL" IsPrimaryKey="true" />
      <Column Name="ProductName" Member="ProductName" Storage="_ProductName" DbType="NVarChar(40) NOT NULL" CanBeNull="false" />
    </Type>
  </Table>
  <Table Name="dbo.Categories" Member="Categories">
    <Type Name="Mapped.Category">
      <Column Name="CategoryID" Member="CategoryID" Storage="_CategoryID" DbType="Int NOT NULL IDENTITY" IsPrimaryKey="true" IsDbGenerated="true" AutoSync="OnInsert" />
      <Column Name="CategoryName" Member="CategoryName" Storage="_CategoryName" DbType="NVarChar(15) NOT NULL" CanBeNull="false" />
      <Column Name="Description" Member="Description" Storage="_Description" DbType="NText" UpdateCheck="Never" />
      <Column Name="Picture" Member="Picture" Storage="_Picture" DbType="Image" UpdateCheck="Never" />
      <Association Name="Category_Product" Member="Products" Storage="_Products" ThisKey="CategoryID" OtherKey="CategoryID" />
    </Type>
  </Table>
  <Table Name="dbo.Category Sales for 1997" Member="CategorySalesFor1997s">
    <Type Name="Mapped.CategorySalesFor1997">
      <Column Name="CategoryName" Member="CategoryName" Storage="_CategoryName" DbType="NVarChar(15) NOT NULL" CanBeNull="false" />
      <Column Name="CategorySales" Member="CategorySales" Storage="_CategorySales" DbType="Money" />
    </Type>
  </Table>
  <Table Name="dbo.ContactNameSplit" Member="ContactNameSplits">
    <Type Name="Mapped.ContactNameSplit">
      <Column Name="ID" Member="ID" Storage="_ID" DbType="Int NOT NULL" IsPrimaryKey="true" />
      <Column Name="Name" Member="Name" Storage="_Name" DbType="NVarChar(30)" />
      <Column Name="Title" Member="Title" Storage="_Title" DbType="NVarChar(30)" />
      <Column Name="Fax" Member="Fax" Storage="_Fax" DbType="NVarChar(24)" />
      <Column Name="ContactType" Member="ContactType" Storage="_ContactType" DbType="NVarChar(50)" />
    </Type>
  </Table>
  <Table Name="dbo.Contacts" Member="Contacts">
    <Type Name="Mapped.Contact" InheritanceCode="Unknown" IsInheritanceDefault="true">
      <Column Name="ContactID" Member="ContactID" Storage="_ContactID" DbType="Int NOT NULL IDENTITY" IsPrimaryKey="true" IsDbGenerated="true" AutoSync="OnInsert" />
      <Column Name="ContactType" Member="ContactType" Storage="_ContactType" DbType="NVarChar(50)" IsDiscriminator="true" />
      <Column Name="CompanyName" Member="CompanyName" Storage="_CompanyName" DbType="NVarChar(40) NOT NULL" CanBeNull="false" />
      <Column Name="Phone" Member="Phone" Storage="_Phone" DbType="NVarChar(24)" />
      <Type Name="Mapped.FullContact">
        <Column Name="ContactName" Member="ContactName" Storage="_ContactName" DbType="NVarChar(30)" />
        <Column Name="ContactTitle" Member="ContactTitle" Storage="_ContactTitle" DbType="NVarChar(30)" />
        <Column Name="Address" Member="Address" Storage="_Address" DbType="NVarChar(60)" />
        <Column Name="City" Member="City" Storage="_City" DbType="NVarChar(15)" />
        <Column Name="Region" Member="Region" Storage="_Region" DbType="NVarChar(15)" />
        <Column Name="PostalCode" Member="PostalCode" Storage="_PostalCode" DbType="NVarChar(10)" />
        <Column Name="Country" Member="Country" Storage="_Country" DbType="NVarChar(15)" />
        <Column Name="Fax" Member="Fax" Storage="_Fax" DbType="NVarChar(24)" />
        <Type Name="Mapped.EmployeeContact" InheritanceCode="Employee">
          <Column Name="PhotoPath" Member="PhotoPath" Storage="_PhotoPath" DbType="NVarChar(255)" />
          <Column Name="Photo" Member="Photo" Storage="_Photo" DbType="Image" UpdateCheck="Never" />
          <Column Name="Extension" Member="Extension" Storage="_Extension" DbType="NVarChar(4)" />
        </Type>
        <Type Name="Mapped.SupplierContact" InheritanceCode="Supplier">
          <Column Name="HomePage" Member="HomePage" Storage="_HomePage" DbType="NText" UpdateCheck="Never" />
        </Type>
        <Type Name="Mapped.CustomerContact" InheritanceCode="Customer" />
      </Type>
      <Type Name="Mapped.ShipperContact" InheritanceCode="Shipper" />
    </Type>
  </Table>
  <Table Name="dbo.Current Product List" Member="CurrentProductLists">
    <Type Name="Mapped.CurrentProductList">
      <Column Name="ProductID" Member="ProductID" Storage="_ProductID" DbType="Int NOT NULL IDENTITY" />
      <Column Name="ProductName" Member="ProductName" Storage="_ProductName" DbType="NVarChar(40) NOT NULL" CanBeNull="false" />
    </Type>
  </Table>
  <Table Name="dbo.Customer and Suppliers by City" Member="CustomerAndSuppliersByCities">
    <Type Name="Mapped.CustomerAndSuppliersByCity">
      <Column Name="City" Member="City" Storage="_City" DbType="NVarChar(15)" />
      <Column Name="CompanyName" Member="CompanyName" Storage="_CompanyName" DbType="NVarChar(40) NOT NULL" CanBeNull="false" />
      <Column Name="ContactName" Member="ContactName" Storage="_ContactName" DbType="NVarChar(30)" />
      <Column Name="Relationship" Member="Relationship" Storage="_Relationship" DbType="VarChar(9) NOT NULL" CanBeNull="false" />
    </Type>
  </Table>
  <Table Name="dbo.CustomerCustomerDemo" Member="CustomerCustomerDemos">
    <Type Name="Mapped.CustomerCustomerDemo">
      <Column Name="CustomerID" Member="CustomerID" Storage="_CustomerID" DbType="NChar(5) NOT NULL" CanBeNull="false" IsPrimaryKey="true" />
      <Column Name="CustomerTypeID" Member="CustomerTypeID" Storage="_CustomerTypeID" DbType="NChar(10) NOT NULL" CanBeNull="false" IsPrimaryKey="true" />
      <Association Name="CustomerDemographic_CustomerCustomerDemo" Member="CustomerDemographic" Storage="_CustomerDemographic" ThisKey="CustomerTypeID" OtherKey="CustomerTypeID" IsForeignKey="true" />
      <Association Name="Customer_CustomerCustomerDemo" Member="Customer" Storage="_Customer" ThisKey="CustomerID" OtherKey="CustomerID" IsForeignKey="true" />
    </Type>
  </Table>
  <Table Name="dbo.CustomerDemographics" Member="CustomerDemographics">
    <Type Name="Mapped.CustomerDemographic">
      <Column Name="CustomerTypeID" Member="CustomerTypeID" Storage="_CustomerTypeID" DbType="NChar(10) NOT NULL" CanBeNull="false" IsPrimaryKey="true" />
      <Column Name="CustomerDesc" Member="CustomerDesc" Storage="_CustomerDesc" DbType="NText" UpdateCheck="Never" />
      <Association Name="CustomerDemographic_CustomerCustomerDemo" Member="CustomerCustomerDemos" Storage="_CustomerCustomerDemos" ThisKey="CustomerTypeID" OtherKey="CustomerTypeID" />
    </Type>
  </Table>
  <Table Name="dbo.Customers" Member="Customers">
    <Type Name="Mapped.Customer">
      <Column Name="CustomerID" Member="CustomerID" Storage="_CustomerID" DbType="NChar(5) NOT NULL" CanBeNull="false" IsPrimaryKey="true" />
      <Column Name="CompanyName" Member="CompanyName" Storage="_CompanyName" DbType="NVarChar(40) NOT NULL" CanBeNull="false" />
      <Column Name="ContactName" Member="ContactName" Storage="_ContactName" DbType="NVarChar(30)" />
      <Column Name="ContactTitle" Member="ContactTitle" Storage="_ContactTitle" DbType="NVarChar(30)" />
      <Column Name="Address" Member="Address" Storage="_Address" DbType="NVarChar(60)" />
      <Column Name="City" Member="City" Storage="_City" DbType="NVarChar(15)" />
      <Column Name="Region" Member="Region" Storage="_Region" DbType="NVarChar(15)" />
      <Column Name="PostalCode" Member="PostalCode" Storage="_PostalCode" DbType="NVarChar(10)" />
      <Column Name="Country" Member="Country" Storage="_Country" DbType="NVarChar(15)" />
      <Column Name="Phone" Member="Phone" Storage="_Phone" DbType="NVarChar(24)" />
      <Column Name="Fax" Member="Fax" Storage="_Fax" DbType="NVarChar(24)" />
      <Association Name="Customer_CustomerCustomerDemo" Member="CustomerCustomerDemos" Storage="_CustomerCustomerDemos" ThisKey="CustomerID" OtherKey="CustomerID" />
      <Association Name="Customer_Order" Member="Orders" Storage="_Orders" ThisKey="CustomerID" OtherKey="CustomerID" />
    </Type>
  </Table>
  <Table Name="dbo.DiscontinuedProductsFedarated" Member="DiscontinuedProductsFedarateds">
    <Type Name="Mapped.DiscontinuedProductsFedarated">
      <Column Name="ProductID" Member="ProductID" Storage="_ProductID" DbType="Int NOT NULL" IsPrimaryKey="true" />
      <Column Name="ProductName" Member="ProductName" Storage="_ProductName" DbType="NVarChar(40) NOT NULL" CanBeNull="false" />
    </Type>
  </Table>
  <Table Name="dbo.Employees" Member="Employees">
    <Type Name="Mapped.Employee">
      <Column Name="EmployeeID" Member="EmployeeID" Storage="_EmployeeID" DbType="Int NOT NULL IDENTITY" IsPrimaryKey="true" IsDbGenerated="true" AutoSync="OnInsert" />
      <Column Name="LastName" Member="LastName" Storage="_LastName" DbType="NVarChar(20) NOT NULL" CanBeNull="false" />
      <Column Name="FirstName" Member="FirstName" Storage="_FirstName" DbType="NVarChar(10) NOT NULL" CanBeNull="false" />
      <Column Name="Title" Member="Title" Storage="_Title" DbType="NVarChar(30)" />
      <Column Name="TitleOfCourtesy" Member="TitleOfCourtesy" Storage="_TitleOfCourtesy" DbType="NVarChar(25)" />
      <Column Name="BirthDate" Member="BirthDate" Storage="_BirthDate" DbType="DateTime" />
      <Column Name="HireDate" Member="HireDate" Storage="_HireDate" DbType="DateTime" />
      <Column Name="Address" Member="Address" Storage="_Address" DbType="NVarChar(60)" />
      <Column Name="City" Member="City" Storage="_City" DbType="NVarChar(15)" />
      <Column Name="Region" Member="Region" Storage="_Region" DbType="NVarChar(15)" />
      <Column Name="PostalCode" Member="PostalCode" Storage="_PostalCode" DbType="NVarChar(10)" />
      <Column Name="Country" Member="Country" Storage="_Country" DbType="NVarChar(15)" />
      <Column Name="HomePhone" Member="HomePhone" Storage="_HomePhone" DbType="NVarChar(24)" />
      <Column Name="Extension" Member="Extension" Storage="_Extension" DbType="NVarChar(4)" />
      <Column Name="Photo" Member="Photo" Storage="_Photo" DbType="Image" UpdateCheck="Never" />
      <Column Name="Notes" Member="Notes" Storage="_Notes" DbType="NText" UpdateCheck="Never" />
      <Column Name="ReportsTo" Member="ReportsTo" Storage="_ReportsTo" DbType="Int" />
      <Column Name="PhotoPath" Member="PhotoPath" Storage="_PhotoPath" DbType="NVarChar(255)" />
      <Association Name="Employee_Employee" Member="Employees" Storage="_Employees" ThisKey="EmployeeID" OtherKey="ReportsTo" />
      <Association Name="Employee_EmployeeTerritory" Member="EmployeeTerritories" Storage="_EmployeeTerritories" ThisKey="EmployeeID" OtherKey="EmployeeID" />
      <Association Name="Employee_Order" Member="Orders" Storage="_Orders" ThisKey="EmployeeID" OtherKey="EmployeeID" />
      <Association Name="Employee_Employee" Member="ReportsToEmployee" Storage="_ReportsToEmployee" ThisKey="ReportsTo" OtherKey="EmployeeID" IsForeignKey="true" />
    </Type>
  </Table>
  <Table Name="dbo.EmployeeSplit" Member="EmployeeSplits">
    <Type Name="Mapped.EmployeeSplit">
      <Column Name="ID" Member="ID" Storage="_ID" DbType="Int NOT NULL" IsPrimaryKey="true" />
      <Column Name="Extension" Member="Extension" Storage="_Extension" DbType="NVarChar(4)" />
      <Column Name="PhotoPath" Member="PhotoPath" Storage="_PhotoPath" DbType="NVarChar(255)" />
    </Type>
  </Table>
  <Table Name="dbo.EmployeeTerritories" Member="EmployeeTerritories">
    <Type Name="Mapped.EmployeeTerritory">
      <Column Name="EmployeeID" Member="EmployeeID" Storage="_EmployeeID" DbType="Int NOT NULL" IsPrimaryKey="true" />
      <Column Name="TerritoryID" Member="TerritoryID" Storage="_TerritoryID" DbType="NVarChar(20) NOT NULL" CanBeNull="false" IsPrimaryKey="true" />
      <Association Name="Employee_EmployeeTerritory" Member="Employee" Storage="_Employee" ThisKey="EmployeeID" OtherKey="EmployeeID" IsForeignKey="true" />
      <Association Name="Territory_EmployeeTerritory" Member="Territory" Storage="_Territory" ThisKey="TerritoryID" OtherKey="TerritoryID" IsForeignKey="true" />
    </Type>
  </Table>
  <Table Name="dbo.Invoices" Member="Invoices">
    <Type Name="Mapped.Invoices">
      <Column Name="ShipName" Member="ShipName" Storage="_ShipName" DbType="NVarChar(40)" />
      <Column Name="ShipAddress" Member="ShipAddress" Storage="_ShipAddress" DbType="NVarChar(60)" />
      <Column Name="ShipCity" Member="ShipCity" Storage="_ShipCity" DbType="NVarChar(15)" />
      <Column Name="ShipRegion" Member="ShipRegion" Storage="_ShipRegion" DbType="NVarChar(15)" />
      <Column Name="ShipPostalCode" Member="ShipPostalCode" Storage="_ShipPostalCode" DbType="NVarChar(10)" />
      <Column Name="ShipCountry" Member="ShipCountry" Storage="_ShipCountry" DbType="NVarChar(15)" />
      <Column Name="CustomerID" Member="CustomerID" Storage="_CustomerID" DbType="NChar(5)" />
      <Column Name="CustomerName" Member="CustomerName" Storage="_CustomerName" DbType="NVarChar(40) NOT NULL" CanBeNull="false" />
      <Column Name="Address" Member="Address" Storage="_Address" DbType="NVarChar(60)" />
      <Column Name="City" Member="City" Storage="_City" DbType="NVarChar(15)" />
      <Column Name="Region" Member="Region" Storage="_Region" DbType="NVarChar(15)" />
      <Column Name="PostalCode" Member="PostalCode" Storage="_PostalCode" DbType="NVarChar(10)" />
      <Column Name="Country" Member="Country" Storage="_Country" DbType="NVarChar(15)" />
      <Column Name="Salesperson" Member="Salesperson" Storage="_Salesperson" DbType="NVarChar(31) NOT NULL" CanBeNull="false" />
      <Column Name="OrderID" Member="OrderID" Storage="_OrderID" DbType="Int NOT NULL IDENTITY" />
      <Column Name="OrderDate" Member="OrderDate" Storage="_OrderDate" DbType="DateTime" />
      <Column Name="RequiredDate" Member="RequiredDate" Storage="_RequiredDate" DbType="DateTime" />
      <Column Name="ShippedDate" Member="ShippedDate" Storage="_ShippedDate" DbType="DateTime" />
      <Column Name="ShipperName" Member="ShipperName" Storage="_ShipperName" DbType="NVarChar(40) NOT NULL" CanBeNull="false" />
      <Column Name="ProductID" Member="ProductID" Storage="_ProductID" DbType="Int NOT NULL" />
      <Column Name="ProductName" Member="ProductName" Storage="_ProductName" DbType="NVarChar(40) NOT NULL" CanBeNull="false" />
      <Column Name="UnitPrice" Member="UnitPrice" Storage="_UnitPrice" DbType="Money NOT NULL" />
      <Column Name="Quantity" Member="Quantity" Storage="_Quantity" DbType="SmallInt NOT NULL" />
      <Column Name="Discount" Member="Discount" Storage="_Discount" DbType="Real NOT NULL" />
      <Column Name="ExtendedPrice" Member="ExtendedPrice" Storage="_ExtendedPrice" DbType="Money" />
      <Column Name="Freight" Member="Freight" Storage="_Freight" DbType="Money" />
    </Type>
  </Table>
  <Table Name="dbo.Order Details" Member="OrderDetails">
    <Type Name="Mapped.OrderDetail">
      <Column Name="OrderID" Member="OrderID" Storage="_OrderID" DbType="Int NOT NULL" IsPrimaryKey="true" />
      <Column Name="ProductID" Member="ProductID" Storage="_ProductID" DbType="Int NOT NULL" IsPrimaryKey="true" />
      <Column Name="UnitPrice" Member="UnitPrice" Storage="_UnitPrice" DbType="Money NOT NULL" />
      <Column Name="Quantity" Member="Quantity" Storage="_Quantity" DbType="SmallInt NOT NULL" />
      <Column Name="Discount" Member="Discount" Storage="_Discount" DbType="Real NOT NULL" />
      <Association Name="Order_OrderDetail" Member="Order" Storage="_Order" ThisKey="OrderID" OtherKey="OrderID" DeleteOnNull="true" IsForeignKey="true" />
      <Association Name="Product_OrderDetail" Member="Product" Storage="_Product" ThisKey="ProductID" OtherKey="ProductID" IsForeignKey="true" />
    </Type>
  </Table>
  <Table Name="dbo.Order Details Extended" Member="OrderDetailsExtendeds">
    <Type Name="Mapped.OrderDetailsExtended">
      <Column Name="OrderID" Member="OrderID" Storage="_OrderID" DbType="Int NOT NULL" />
      <Column Name="ProductID" Member="ProductID" Storage="_ProductID" DbType="Int NOT NULL" />
      <Column Name="ProductName" Member="ProductName" Storage="_ProductName" DbType="NVarChar(40) NOT NULL" CanBeNull="false" />
      <Column Name="UnitPrice" Member="UnitPrice" Storage="_UnitPrice" DbType="Money NOT NULL" />
      <Column Name="Quantity" Member="Quantity" Storage="_Quantity" DbType="SmallInt NOT NULL" />
      <Column Name="Discount" Member="Discount" Storage="_Discount" DbType="Real NOT NULL" />
      <Column Name="ExtendedPrice" Member="ExtendedPrice" Storage="_ExtendedPrice" DbType="Money" />
    </Type>
  </Table>
  <Table Name="dbo.Order Subtotals" Member="OrderSubtotals">
    <Type Name="Mapped.OrderSubtotal">
      <Column Name="OrderID" Member="OrderID" Storage="_OrderID" DbType="Int NOT NULL" />
      <Column Name="Subtotal" Member="Subtotal" Storage="_Subtotal" DbType="Money" />
    </Type>
  </Table>
  <Table Name="dbo.Orders" Member="Orders">
    <Type Name="Mapped.Order">
      <Column Name="OrderID" Member="OrderID" Storage="_OrderID" DbType="Int NOT NULL IDENTITY" IsPrimaryKey="true" IsDbGenerated="true" AutoSync="OnInsert" />
      <Column Name="CustomerID" Member="CustomerID" Storage="_CustomerID" DbType="NChar(5)" />
      <Column Name="EmployeeID" Member="EmployeeID" Storage="_EmployeeID" DbType="Int" />
      <Column Name="OrderDate" Member="OrderDate" Storage="_OrderDate" DbType="DateTime" />
      <Column Name="RequiredDate" Member="RequiredDate" Storage="_RequiredDate" DbType="DateTime" />
      <Column Name="ShippedDate" Member="ShippedDate" Storage="_ShippedDate" DbType="DateTime" />
      <Column Name="ShipVia" Member="ShipVia" Storage="_ShipVia" DbType="Int" />
      <Column Name="Freight" Member="Freight" Storage="_Freight" DbType="Money" />
      <Column Name="ShipName" Member="ShipName" Storage="_ShipName" DbType="NVarChar(40)" />
      <Column Name="ShipAddress" Member="ShipAddress" Storage="_ShipAddress" DbType="NVarChar(60)" />
      <Column Name="ShipCity" Member="ShipCity" Storage="_ShipCity" DbType="NVarChar(15)" />
      <Column Name="ShipRegion" Member="ShipRegion" Storage="_ShipRegion" DbType="NVarChar(15)" />
      <Column Name="ShipPostalCode" Member="ShipPostalCode" Storage="_ShipPostalCode" DbType="NVarChar(10)" />
      <Column Name="ShipCountry" Member="ShipCountry" Storage="_ShipCountry" DbType="NVarChar(15)" />
      <Association Name="Order_OrderDetail" Member="OrderDetails" Storage="_OrderDetails" ThisKey="OrderID" OtherKey="OrderID" />
      <Association Name="Customer_Order" Member="Customer" Storage="_Customer" ThisKey="CustomerID" OtherKey="CustomerID" IsForeignKey="true" />
      <Association Name="Employee_Order" Member="Employee" Storage="_Employee" ThisKey="EmployeeID" OtherKey="EmployeeID" IsForeignKey="true" />
      <Association Name="Shipper_Order" Member="Shipper" Storage="_Shipper" ThisKey="ShipVia" OtherKey="ShipperID" IsForeignKey="true" />
    </Type>
  </Table>
  <Table Name="dbo.Orders Qry" Member="OrdersQries">
    <Type Name="Mapped.OrdersQry">
      <Column Name="OrderID" Member="OrderID" Storage="_OrderID" DbType="Int NOT NULL IDENTITY" />
      <Column Name="CustomerID" Member="CustomerID" Storage="_CustomerID" DbType="NChar(5)" />
      <Column Name="EmployeeID" Member="EmployeeID" Storage="_EmployeeID" DbType="Int" />
      <Column Name="OrderDate" Member="OrderDate" Storage="_OrderDate" DbType="DateTime" />
      <Column Name="RequiredDate" Member="RequiredDate" Storage="_RequiredDate" DbType="DateTime" />
      <Column Name="ShippedDate" Member="ShippedDate" Storage="_ShippedDate" DbType="DateTime" />
      <Column Name="ShipVia" Member="ShipVia" Storage="_ShipVia" DbType="Int" />
      <Column Name="Freight" Member="Freight" Storage="_Freight" DbType="Money" />
      <Column Name="ShipName" Member="ShipName" Storage="_ShipName" DbType="NVarChar(40)" />
      <Column Name="ShipAddress" Member="ShipAddress" Storage="_ShipAddress" DbType="NVarChar(60)" />
      <Column Name="ShipCity" Member="ShipCity" Storage="_ShipCity" DbType="NVarChar(15)" />
      <Column Name="ShipRegion" Member="ShipRegion" Storage="_ShipRegion" DbType="NVarChar(15)" />
      <Column Name="ShipPostalCode" Member="ShipPostalCode" Storage="_ShipPostalCode" DbType="NVarChar(10)" />
      <Column Name="ShipCountry" Member="ShipCountry" Storage="_ShipCountry" DbType="NVarChar(15)" />
      <Column Name="CompanyName" Member="CompanyName" Storage="_CompanyName" DbType="NVarChar(40) NOT NULL" CanBeNull="false" />
      <Column Name="Address" Member="Address" Storage="_Address" DbType="NVarChar(60)" />
      <Column Name="City" Member="City" Storage="_City" DbType="NVarChar(15)" />
      <Column Name="Region" Member="Region" Storage="_Region" DbType="NVarChar(15)" />
      <Column Name="PostalCode" Member="PostalCode" Storage="_PostalCode" DbType="NVarChar(10)" />
      <Column Name="Country" Member="Country" Storage="_Country" DbType="NVarChar(15)" />
    </Type>
  </Table>
  <Table Name="dbo.Product Sales for 1997" Member="ProductSalesFor1997s">
    <Type Name="Mapped.ProductSalesFor1997">
      <Column Name="CategoryName" Member="CategoryName" Storage="_CategoryName" DbType="NVarChar(15) NOT NULL" CanBeNull="false" />
      <Column Name="ProductName" Member="ProductName" Storage="_ProductName" DbType="NVarChar(40) NOT NULL" CanBeNull="false" />
      <Column Name="ProductSales" Member="ProductSales" Storage="_ProductSales" DbType="Money" />
    </Type>
  </Table>
  <Table Name="dbo.Products" Member="Products">
    <Type Name="Mapped.Product">
      <Column Name="ProductID" Member="ProductID" Storage="_ProductID" DbType="Int NOT NULL IDENTITY" IsPrimaryKey="true" IsDbGenerated="true" AutoSync="OnInsert" />
      <Column Name="ProductName" Member="ProductName" Storage="_ProductName" DbType="NVarChar(40) NOT NULL" CanBeNull="false" />
      <Column Name="SupplierID" Member="SupplierID" Storage="_SupplierID" DbType="Int" />
      <Column Name="CategoryID" Member="CategoryID" Storage="_CategoryID" DbType="Int" />
      <Column Name="QuantityPerUnit" Member="QuantityPerUnit" Storage="_QuantityPerUnit" DbType="NVarChar(20)" />
      <Column Name="UnitPrice" Member="UnitPrice" Storage="_UnitPrice" DbType="Money" />
      <Column Name="UnitsInStock" Member="UnitsInStock" Storage="_UnitsInStock" DbType="SmallInt" />
      <Column Name="UnitsOnOrder" Member="UnitsOnOrder" Storage="_UnitsOnOrder" DbType="SmallInt" />
      <Column Name="ReorderLevel" Member="ReorderLevel" Storage="_ReorderLevel" DbType="SmallInt" />
      <Column Name="Discontinued" Member="Discontinued" Storage="_Discontinued" DbType="Bit NOT NULL" />
      <Association Name="Product_OrderDetail" Member="OrderDetails" Storage="_OrderDetails" ThisKey="ProductID" OtherKey="ProductID" />
      <Association Name="Category_Product" Member="Category" Storage="_Category" ThisKey="CategoryID" OtherKey="CategoryID" IsForeignKey="true" />
      <Association Name="Supplier_Product" Member="Supplier" Storage="_Supplier" ThisKey="SupplierID" OtherKey="SupplierID" IsForeignKey="true" />
    </Type>
  </Table>
  <Table Name="dbo.Products Above Average Price" Member="ProductsAboveAveragePrices">
    <Type Name="Mapped.ProductsAboveAveragePrice">
      <Column Name="ProductName" Member="ProductName" Storage="_ProductName" DbType="NVarChar(40) NOT NULL" CanBeNull="false" />
      <Column Name="UnitPrice" Member="UnitPrice" Storage="_UnitPrice" DbType="Money" />
    </Type>
  </Table>
  <Table Name="dbo.Products by Category" Member="ProductsByCategories">
    <Type Name="Mapped.ProductsByCategory">
      <Column Name="CategoryName" Member="CategoryName" Storage="_CategoryName" DbType="NVarChar(15) NOT NULL" CanBeNull="false" />
      <Column Name="ProductName" Member="ProductName" Storage="_ProductName" DbType="NVarChar(40) NOT NULL" CanBeNull="false" />
      <Column Name="QuantityPerUnit" Member="QuantityPerUnit" Storage="_QuantityPerUnit" DbType="NVarChar(20)" />
      <Column Name="UnitsInStock" Member="UnitsInStock" Storage="_UnitsInStock" DbType="SmallInt" />
      <Column Name="Discontinued" Member="Discontinued" Storage="_Discontinued" DbType="Bit NOT NULL" />
    </Type>
  </Table>
  <Table Name="dbo.Quarterly Orders" Member="QuarterlyOrders">
    <Type Name="Mapped.QuarterlyOrder">
      <Column Name="CustomerID" Member="CustomerID" Storage="_CustomerID" DbType="NChar(5)" />
      <Column Name="CompanyName" Member="CompanyName" Storage="_CompanyName" DbType="NVarChar(40)" />
      <Column Name="City" Member="City" Storage="_City" DbType="NVarChar(15)" />
      <Column Name="Country" Member="Country" Storage="_Country" DbType="NVarChar(15)" />
    </Type>
  </Table>
  <Table Name="dbo.Region" Member="Regions">
    <Type Name="Mapped.Region">
      <Column Name="RegionID" Member="RegionID" Storage="_RegionID" DbType="Int NOT NULL" IsPrimaryKey="true" />
      <Column Name="RegionDescription" Member="RegionDescription" Storage="_RegionDescription" DbType="NChar(50) NOT NULL" CanBeNull="false" />
      <Association Name="Region_Territory" Member="Territories" Storage="_Territories" ThisKey="RegionID" OtherKey="RegionID" />
    </Type>
  </Table>
  <Table Name="dbo.Sales by Category" Member="SalesByCategories">
    <Type Name="Mapped.SalesByCategory">
      <Column Name="CategoryID" Member="CategoryID" Storage="_CategoryID" DbType="Int NOT NULL IDENTITY" />
      <Column Name="CategoryName" Member="CategoryName" Storage="_CategoryName" DbType="NVarChar(15) NOT NULL" CanBeNull="false" />
      <Column Name="ProductName" Member="ProductName" Storage="_ProductName" DbType="NVarChar(40) NOT NULL" CanBeNull="false" />
      <Column Name="ProductSales" Member="ProductSales" Storage="_ProductSales" DbType="Money" />
    </Type>
  </Table>
  <Table Name="dbo.Sales Totals by Amount" Member="SalesTotalsByAmounts">
    <Type Name="Mapped.SalesTotalsByAmount">
      <Column Name="SaleAmount" Member="SaleAmount" Storage="_SaleAmount" DbType="Money" />
      <Column Name="OrderID" Member="OrderID" Storage="_OrderID" DbType="Int NOT NULL IDENTITY" />
      <Column Name="CompanyName" Member="CompanyName" Storage="_CompanyName" DbType="NVarChar(40) NOT NULL" CanBeNull="false" />
      <Column Name="ShippedDate" Member="ShippedDate" Storage="_ShippedDate" DbType="DateTime" />
    </Type>
  </Table>
  <Table Name="dbo.Shippers" Member="Shippers">
    <Type Name="Mapped.Shipper">
      <Column Name="ShipperID" Member="ShipperID" Storage="_ShipperID" DbType="Int NOT NULL IDENTITY" IsPrimaryKey="true" IsDbGenerated="true" AutoSync="OnInsert" />
      <Column Name="CompanyName" Member="CompanyName" Storage="_CompanyName" DbType="NVarChar(40) NOT NULL" CanBeNull="false" />
      <Column Name="Phone" Member="Phone" Storage="_Phone" DbType="NVarChar(24)" />
      <Association Name="Shipper_Order" Member="Orders" Storage="_Orders" ThisKey="ShipperID" OtherKey="ShipVia" />
    </Type>
  </Table>
  <Table Name="dbo.Summary of Sales by Quarter" Member="SummaryOfSalesByQuarters">
    <Type Name="Mapped.SummaryOfSalesByQuarter">
      <Column Name="ShippedDate" Member="ShippedDate" Storage="_ShippedDate" DbType="DateTime" />
      <Column Name="OrderID" Member="OrderID" Storage="_OrderID" DbType="Int NOT NULL IDENTITY" />
      <Column Name="Subtotal" Member="Subtotal" Storage="_Subtotal" DbType="Money" />
    </Type>
  </Table>
  <Table Name="dbo.Summary of Sales by Year" Member="SummaryOfSalesByYears">
    <Type Name="Mapped.SummaryOfSalesByYear">
      <Column Name="ShippedDate" Member="ShippedDate" Storage="_ShippedDate" DbType="DateTime" />
      <Column Name="OrderID" Member="OrderID" Storage="_OrderID" DbType="Int NOT NULL IDENTITY" />
      <Column Name="Subtotal" Member="Subtotal" Storage="_Subtotal" DbType="Money" />
    </Type>
  </Table>
  <Table Name="dbo.Suppliers" Member="Suppliers">
    <Type Name="Mapped.Supplier">
      <Column Name="SupplierID" Member="SupplierID" Storage="_SupplierID" DbType="Int NOT NULL IDENTITY" IsPrimaryKey="true" IsDbGenerated="true" AutoSync="OnInsert" />
      <Column Name="CompanyName" Member="CompanyName" Storage="_CompanyName" DbType="NVarChar(40) NOT NULL" CanBeNull="false" />
      <Column Name="ContactName" Member="ContactName" Storage="_ContactName" DbType="NVarChar(30)" />
      <Column Name="ContactTitle" Member="ContactTitle" Storage="_ContactTitle" DbType="NVarChar(30)" />
      <Column Name="Address" Member="Address" Storage="_Address" DbType="NVarChar(60)" />
      <Column Name="City" Member="City" Storage="_City" DbType="NVarChar(15)" />
      <Column Name="Region" Member="Region" Storage="_Region" DbType="NVarChar(15)" />
      <Column Name="PostalCode" Member="PostalCode" Storage="_PostalCode" DbType="NVarChar(10)" />
      <Column Name="Country" Member="Country" Storage="_Country" DbType="NVarChar(15)" />
      <Column Name="Phone" Member="Phone" Storage="_Phone" DbType="NVarChar(24)" />
      <Column Name="Fax" Member="Fax" Storage="_Fax" DbType="NVarChar(24)" />
      <Column Name="HomePage" Member="HomePage" Storage="_HomePage" DbType="NText" UpdateCheck="Never" />
      <Association Name="Supplier_Product" Member="Products" Storage="_Products" ThisKey="SupplierID" OtherKey="SupplierID" />
    </Type>
  </Table>
  <Table Name="dbo.Territories" Member="Territories">
    <Type Name="Mapped.Territory">
      <Column Name="TerritoryID" Member="TerritoryID" Storage="_TerritoryID" DbType="NVarChar(20) NOT NULL" CanBeNull="false" IsPrimaryKey="true" />
      <Column Name="TerritoryDescription" Member="TerritoryDescription" Storage="_TerritoryDescription" DbType="NChar(50) NOT NULL" CanBeNull="false" />
      <Column Name="RegionID" Member="RegionID" Storage="_RegionID" DbType="Int NOT NULL" />
      <Association Name="Territory_EmployeeTerritory" Member="EmployeeTerritories" Storage="_EmployeeTerritories" ThisKey="TerritoryID" OtherKey="TerritoryID" />
      <Association Name="Region_Territory" Member="Region" Storage="_Region" ThisKey="RegionID" OtherKey="RegionID" IsForeignKey="true" />
    </Type>
  </Table>
  <Function Name="dbo.Customers By City" Method="CustomersByCity">
    <Parameter Name="param1" Parameter="param1" DbType="NVarChar(20)" />
    <ElementType Name="Mapped.CustomersByCityResult">
      <Column Name="CustomerID" Member="CustomerID" Storage="_CustomerID" DbType="NChar(5)" />
      <Column Name="ContactName" Member="ContactName" Storage="_ContactName" DbType="NVarChar(30)" />
      <Column Name="CompanyName" Member="CompanyName" Storage="_CompanyName" DbType="NVarChar(40)" />
      <Column Name="City" Member="City" Storage="_City" DbType="NVarChar(15)" />
    </ElementType>
  </Function>
  <Function Name="dbo.Customers Count By Region" Method="CustomersCountByRegion">
    <Parameter Name="param1" Parameter="param1" DbType="NVarChar(15)" />
    <Return DbType="Int" />
  </Function>
  <Function Name="dbo.CustOrderHist" Method="CustomerOrderHistory">
    <Parameter Name="CustomerID" Parameter="customerID" DbType="NChar(5)" />
    <ElementType Name="Mapped.CustOrderHistResult">
      <Column Name="ProductName" Member="ProductName" Storage="_ProductName" DbType="NVarChar(40)" />
      <Column Name="Total" Member="Total" Storage="_Total" DbType="Int" />
    </ElementType>
  </Function>
  <Function Name="dbo.CustOrdersDetail" Method="CustOrdersDetail">
    <Parameter Name="OrderID" Parameter="orderID" DbType="Int" />
    <ElementType Name="Mapped.CustOrdersDetailResult">
      <Column Name="ProductName" Member="ProductName" Storage="_ProductName" DbType="NVarChar(40)" />
      <Column Name="UnitPrice" Member="UnitPrice" Storage="_UnitPrice" DbType="Money" />
      <Column Name="Quantity" Member="Quantity" Storage="_Quantity" DbType="SmallInt" />
      <Column Name="Discount" Member="Discount" Storage="_Discount" DbType="Int" />
      <Column Name="ExtendedPrice" Member="ExtendedPrice" Storage="_ExtendedPrice" DbType="Money" />
    </ElementType>
  </Function>
  <Function Name="dbo.CustOrdersOrders" Method="CustOrdersOrders">
    <Parameter Name="CustomerID" Parameter="customerID" DbType="NChar(5)" />
    <ElementType Name="Mapped.CustOrdersOrdersResult">
      <Column Name="OrderID" Member="OrderID" Storage="_OrderID" DbType="Int" />
      <Column Name="OrderDate" Member="OrderDate" Storage="_OrderDate" DbType="DateTime" />
      <Column Name="RequiredDate" Member="RequiredDate" Storage="_RequiredDate" DbType="DateTime" />
      <Column Name="ShippedDate" Member="ShippedDate" Storage="_ShippedDate" DbType="DateTime" />
    </ElementType>
  </Function>
  <Function Name="dbo.CustOrderTotal" Method="CustomerTotalSales">
    <Parameter Name="CustomerID" Parameter="customerID" DbType="NChar(5)" />
    <Parameter Name="TotalSales" Parameter="totalSales" DbType="Money" />
    <Return DbType="Int" />
  </Function>
  <Function Name="dbo.Employee Sales by Country" Method="EmployeeSalesByCountry">
    <Parameter Name="Beginning_Date" Parameter="beginning_Date" DbType="DateTime" />
    <Parameter Name="Ending_Date" Parameter="ending_Date" DbType="DateTime" />
    <ElementType Name="Mapped.EmployeeSalesByCountryResult">
      <Column Name="Country" Member="Country" Storage="_Country" DbType="NVarChar(15)" />
      <Column Name="LastName" Member="LastName" Storage="_LastName" DbType="NVarChar(20)" />
      <Column Name="FirstName" Member="FirstName" Storage="_FirstName" DbType="NVarChar(10)" />
      <Column Name="ShippedDate" Member="ShippedDate" Storage="_ShippedDate" DbType="DateTime" />
      <Column Name="OrderID" Member="OrderID" Storage="_OrderID" DbType="Int" />
      <Column Name="SaleAmount" Member="SaleAmount" Storage="_SaleAmount" DbType="Money" />
    </ElementType>
  </Function>
  <Function Name="dbo.Get Customer And Orders" Method="GetCustomerAndOrders">
    <Parameter Name="CustomerID" Parameter="customerID" DbType="NChar(5)" />
    <ElementType Name="Mapped.CustomerResultSet">
      <Column Name="CustomerID" Member="CustomerID" Storage="_CustomerID" DbType="NChar(5)" />
      <Column Name="CompanyName" Member="CompanyName" Storage="_CompanyName" DbType="NVarChar(40)" />
      <Column Name="ContactName" Member="ContactName" Storage="_ContactName" DbType="NVarChar(30)" />
      <Column Name="ContactTitle" Member="ContactTitle" Storage="_ContactTitle" DbType="NVarChar(30)" />
      <Column Name="Address" Member="Address" Storage="_Address" DbType="NVarChar(60)" />
      <Column Name="City" Member="City" Storage="_City" DbType="NVarChar(15)" />
      <Column Name="Region" Member="Region" Storage="_Region" DbType="NVarChar(15)" />
      <Column Name="PostalCode" Member="PostalCode" Storage="_PostalCode" DbType="NVarChar(10)" />
      <Column Name="Country" Member="Country" Storage="_Country" DbType="NVarChar(15)" />
      <Column Name="Phone" Member="Phone" Storage="_Phone" DbType="NVarChar(24)" />
      <Column Name="Fax" Member="Fax" Storage="_Fax" DbType="NVarChar(24)" />
    </ElementType>
    <ElementType Name="Mapped.OrdersResultSet">
      <Column Name="OrderID" Member="OrderID" Storage="_OrderID" DbType="Int" />
      <Column Name="CustomerID" Member="CustomerID" Storage="_CustomerID" DbType="NChar(5)" />
      <Column Name="EmployeeID" Member="EmployeeID" Storage="_EmployeeID" DbType="Int" />
      <Column Name="OrderDate" Member="OrderDate" Storage="_OrderDate" DbType="DateTime" />
      <Column Name="RequiredDate" Member="RequiredDate" Storage="_RequiredDate" DbType="DateTime" />
      <Column Name="ShippedDate" Member="ShippedDate" Storage="_ShippedDate" DbType="DateTime" />
      <Column Name="ShipVia" Member="ShipVia" Storage="_ShipVia" DbType="Int" />
      <Column Name="Freight" Member="Freight" Storage="_Freight" DbType="Money" />
      <Column Name="ShipName" Member="ShipName" Storage="_ShipName" DbType="NVarChar(40)" />
      <Column Name="ShipAddress" Member="ShipAddress" Storage="_ShipAddress" DbType="NVarChar(60)" />
      <Column Name="ShipCity" Member="ShipCity" Storage="_ShipCity" DbType="NVarChar(15)" />
      <Column Name="ShipRegion" Member="ShipRegion" Storage="_ShipRegion" DbType="NVarChar(15)" />
      <Column Name="ShipPostalCode" Member="ShipPostalCode" Storage="_ShipPostalCode" DbType="NVarChar(10)" />
      <Column Name="ShipCountry" Member="ShipCountry" Storage="_ShipCountry" DbType="NVarChar(15)" />
    </ElementType>
  </Function>
  <Function Name="dbo.MinUnitPriceByCategory" Method="MinUnitPriceByCategory" IsComposable="true">
    <Parameter Name="categoryID" Parameter="categoryID" DbType="Int" />
    <Return DbType="Money" />
  </Function>
  <Function Name="dbo.ProductsUnderThisUnitPrice" Method="ProductsUnderThisUnitPrice" IsComposable="true">
    <Parameter Name="price" Parameter="price" DbType="Money" />
    <ElementType Name="Mapped.ProductsUnderThisUnitPriceResult">
      <Column Name="ProductID" Member="ProductID" Storage="_ProductID" DbType="Int" />
      <Column Name="ProductName" Member="ProductName" Storage="_ProductName" DbType="NVarChar(40)" />
      <Column Name="SupplierID" Member="SupplierID" Storage="_SupplierID" DbType="Int" />
      <Column Name="CategoryID" Member="CategoryID" Storage="_CategoryID" DbType="Int" />
      <Column Name="QuantityPerUnit" Member="QuantityPerUnit" Storage="_QuantityPerUnit" DbType="NVarChar(20)" />
      <Column Name="UnitPrice" Member="UnitPrice" Storage="_UnitPrice" DbType="Money" />
      <Column Name="UnitsInStock" Member="UnitsInStock" Storage="_UnitsInStock" DbType="SmallInt" />
      <Column Name="UnitsOnOrder" Member="UnitsOnOrder" Storage="_UnitsOnOrder" DbType="SmallInt" />
      <Column Name="ReorderLevel" Member="ReorderLevel" Storage="_ReorderLevel" DbType="SmallInt" />
      <Column Name="Discontinued" Member="Discontinued" Storage="_Discontinued" DbType="Bit" />
    </ElementType>
  </Function>
  <Function Name="dbo.Sales by Year" Method="SalesByYear">
    <Parameter Name="Beginning_Date" Parameter="beginning_Date" DbType="DateTime" />
    <Parameter Name="Ending_Date" Parameter="ending_Date" DbType="DateTime" />
    <ElementType Name="Mapped.SalesByYearResult">
      <Column Name="ShippedDate" Member="ShippedDate" Storage="_ShippedDate" DbType="DateTime" />
      <Column Name="OrderID" Member="OrderID" Storage="_OrderID" DbType="Int" />
      <Column Name="Subtotal" Member="Subtotal" Storage="_Subtotal" DbType="Money" />
      <Column Name="Year" Member="Year" Storage="_Year" DbType="NVarChar(30)" />
    </ElementType>
  </Function>
  <Function Name="dbo.SalesByCategory" Method="SalesByCategory">
    <Parameter Name="CategoryName" Parameter="categoryName" DbType="NVarChar(15)" />
    <Parameter Name="OrdYear" Parameter="ordYear" DbType="NVarChar(4)" />
    <ElementType Name="Mapped.SalesByCategoryResult">
      <Column Name="ProductName" Member="ProductName" Storage="_ProductName" DbType="NVarChar(40)" />
      <Column Name="TotalPurchase" Member="TotalPurchase" Storage="_TotalPurchase" DbType="Decimal(38,2)" />
    </ElementType>
  </Function>
  <Function Name="dbo.Ten Most Expensive Products" Method="TenMostExpensiveProducts">
    <ElementType Name="Mapped.TenMostExpensiveProductsResult">
      <Column Name="TenMostExpensiveProducts" Member="TenMostExpensiveProducts" Storage="_TenMostExpensiveProducts" DbType="NVarChar(40)" />
      <Column Name="UnitPrice" Member="UnitPrice" Storage="_UnitPrice" DbType="Money" />
    </ElementType>
  </Function>
  <Function Name="dbo.TotalProductUnitPriceByCategory" Method="TotalProductUnitPriceByCategory" IsComposable="true">
    <Parameter Name="categoryID" Parameter="categoryID" DbType="Int" />
    <Return DbType="Money" />
  </Function>
  <Function Name="dbo.Whole Or Partial Customers Set" Method="WholeOrPartialCustomersSet">
    <Parameter Name="param1" Parameter="param1" DbType="Int" />
    <ElementType Name="Mapped.WholeCustomersSetResult">
      <Column Name="CustomerID" Member="CustomerID" Storage="_CustomerID" DbType="NChar(5)" />
      <Column Name="CompanyName" Member="CompanyName" Storage="_CompanyName" DbType="NVarChar(40)" />
      <Column Name="ContactName" Member="ContactName" Storage="_ContactName" DbType="NVarChar(30)" />
      <Column Name="ContactTitle" Member="ContactTitle" Storage="_ContactTitle" DbType="NVarChar(30)" />
      <Column Name="Address" Member="Address" Storage="_Address" DbType="NVarChar(60)" />
      <Column Name="City" Member="City" Storage="_City" DbType="NVarChar(15)" />
      <Column Name="Region" Member="Region" Storage="_Region" DbType="NVarChar(15)" />
      <Column Name="PostalCode" Member="PostalCode" Storage="_PostalCode" DbType="NVarChar(10)" />
      <Column Name="Country" Member="Country" Storage="_Country" DbType="NVarChar(15)" />
      <Column Name="Phone" Member="Phone" Storage="_Phone" DbType="NVarChar(24)" />
      <Column Name="Fax" Member="Fax" Storage="_Fax" DbType="NVarChar(24)" />
    </ElementType>
    <ElementType Name="Mapped.PartialCustomersSetResult">
      <Column Name="CustomerID" Member="CustomerID" Storage="_CustomerID" DbType="NChar(5)" />
      <Column Name="ContactName" Member="ContactName" Storage="_ContactName" DbType="NVarChar(30)" />
      <Column Name="CompanyName" Member="CompanyName" Storage="_CompanyName" DbType="NVarChar(40)" />
    </ElementType>
  </Function>
</Database>